
Running 1 test using 1 worker

[1A[2K[1/1] [chromium] › tests/video-task.spec.ts:13:7 › 批量图生视频任务创建 › 上传2个图片应该创建2个任务
[1A[2K[chromium] › tests/video-task.spec.ts:13:7 › 批量图生视频任务创建 › 上传2个图片应该创建2个任务
文件路径1: /Users/linhao/Desktop/codex-github/codex-nanno-bannan-imaged/public/test/女人miya.png

[1A[2K文件路径2: /Users/linhao/Desktop/codex-github/codex-nanno-bannan-imaged/public/test/女医生rumi.png

[1A[2K表单中的行数: [33m3[39m

[1A[2K  1) [chromium] › tests/video-task.spec.ts:13:7 › 批量图生视频任务创建 › 上传2个图片应该创建2个任务 ──────────────────────

    Error: [2mexpect([22m[31mreceived[39m[2m).[22mtoBe[2m([22m[32mexpected[39m[2m) // Object.is equality[22m

    Expected: [32m2[39m
    Received: [31m3[39m

      45 |
      46 |     // 应该有2行
    > 47 |     expect(rowCount).toBe(2);
         |                      ^
      48 |
      49 |     // 填写提示词（只填第一行，让第二行使用同一个提示词）
      50 |     const firstPromptInput = page.locator('textarea').first();
        at /Users/linhao/Desktop/codex-github/codex-nanno-bannan-imaged/tests/video-task.spec.ts:47:22

    attachment #1: screenshot (image/png) ──────────────────────────────────────────────────────────
    test-results/video-task-批量图生视频任务创建-上传2个图片应该创建2个任务-chromium/test-failed-1.png
    ────────────────────────────────────────────────────────────────────────────────────────────────

    Error Context: test-results/video-task-批量图生视频任务创建-上传2个图片应该创建2个任务-chromium/error-context.md


[1A[2K  1 failed
    [chromium] › tests/video-task.spec.ts:13:7 › 批量图生视频任务创建 › 上传2个图片应该创建2个任务 ───────────────────────
